// Jest Snapshot v1, https://goo.gl/fbAQLP

exports[`TabTwoScreen renders correctly 1`] = `
<View
  style={
    [
      {
        "backgroundColor": "#fff",
      },
      {
        "alignItems": "center",
        "flex": 1,
        "justifyContent": "center",
      },
    ]
  }
>
  <Text
    style={
      [
        {
          "color": "#000",
        },
        {
          "fontSize": 20,
          "fontWeight": "bold",
        },
      ]
    }
  >
    Tab Two
  </Text>
  <View
    style={
      [
        {
          "backgroundColor": "#eee",
        },
        {
          "height": 1,
          "marginVertical": 30,
          "width": "80%",
        },
      ]
    }
  />
  <View
    style={
      [
        {
          "backgroundColor": "#fff",
        },
        undefined,
      ]
    }
  >
    <View
      style={
        [
          {
            "backgroundColor": "#fff",
          },
          {
            "alignItems": "center",
            "marginHorizontal": 50,
          },
        ]
      }
    >
      <Text
        style={
          [
            {
              "color": "rgba(0,0,0,0.8)",
            },
            {
              "fontSize": 17,
              "lineHeight": 24,
              "textAlign": "center",
            },
          ]
        }
      >
        Open up the code for this screen:
      </Text>
      <View
        style={
          [
            {
              "backgroundColor": "rgba(0,0,0,0.05)",
            },
            [
              {
                "borderRadius": 3,
                "paddingHorizontal": 4,
              },
              {
                "marginVertical": 7,
              },
            ],
          ]
        }
      >
        <Text
          style={
            [
              {
                "color": "#000",
              },
              [
                undefined,
                {
                  "fontFamily": "SpaceMono",
                },
              ],
            ]
          }
        >
          app/(tabs)/two.tsx
        </Text>
      </View>
      <Text
        style={
          [
            {
              "color": "rgba(0,0,0,0.8)",
            },
            {
              "fontSize": 17,
              "lineHeight": 24,
              "textAlign": "center",
            },
          ]
        }
      >
        Change any of the text, save the file, and your app will automatically update.
      </Text>
    </View>
    <View
      style={
        [
          {
            "backgroundColor": "#fff",
          },
          {
            "alignItems": "center",
            "marginHorizontal": 20,
            "marginTop": 15,
          },
        ]
      }
    >
      <Text
        href="https://docs.expo.io/get-started/create-a-new-app/#opening-the-app-on-your-phonetablet"
        onPress={[Function]}
        role="link"
        style={
          {
            "paddingVertical": 15,
          }
        }
      >
        <Text
          style={
            [
              {
                "color": "#2f95dc",
              },
              {
                "textAlign": "center",
              },
            ]
          }
        >
          Tap here if your app doesn't automatically update after making changes
        </Text>
      </Text>
    </View>
  </View>
</View>
`;
